// Jest Snapshot v1, https://goo.gl/fbAQLP

exports[`Testing Components: Navbar should render correctly 1`] = `
<nav
  className="navbar navbar-expand-sm navbar-dark bg-dark"
>
  <div
    className="container"
  >
    <a
      className="navbar-brand"
      onClick={[Function]}
    >
      Publisher
    </a>
    <button
      aria-controls="navbarSupportedContent"
      aria-expanded="false"
      aria-label="Toggle navigation"
      className="navbar-toggler"
      data-bs-target="#navbarSupportedContent"
      data-bs-toggle="collapse"
      type="button"
    >
      <span
        className="navbar-toggler-icon"
      />
    </button>
    <div
      className="collapse navbar-collapse"
      id="navbarSupportedContent"
    >
      <div
        className="navbar-nav mr-auto"
      >
        <a
          aria-current={null}
          className="nav-item nav-link"
          onClick={[Function]}
        >
          Marvel
        </a>
        <a
          aria-current={null}
          className="nav-item nav-link"
          onClick={[Function]}
        >
          DC
        </a>
        <a
          aria-current={null}
          className="nav-item nav-link"
          onClick={[Function]}
        >
          Search
        </a>
      </div>
    </div>
    <div
      className="navbar-collapse collapse w-100 order-3 dual-collapse2"
    >
      <ul
        className="navbar-nav ms-auto"
      >
        <span
          className="nav-item nav-link text-info"
        >
          Alfred
        </span>
        <button
          className="nav-item nav-link btn"
          onClick={[Function]}
        >
          Logout
          <i
            className="ms-2"
          >
            <svg
              aria-hidden="true"
              className="svg-inline--fa fa-sign-out-alt fa-w-16 "
              data-icon="sign-out-alt"
              data-prefix="fas"
              focusable="false"
              role="img"
              style={Object {}}
              viewBox="0 0 512 512"
              xmlns="http://www.w3.org/2000/svg"
            >
              <path
                d="M497 273L329 441c-15 15-41 4.5-41-17v-96H152c-13.3 0-24-10.7-24-24v-96c0-13.3 10.7-24 24-24h136V88c0-21.4 25.9-32 41-17l168 168c9.3 9.4 9.3 24.6 0 34zM192 436v-40c0-6.6-5.4-12-12-12H96c-17.7 0-32-14.3-32-32V160c0-17.7 14.3-32 32-32h84c6.6 0 12-5.4 12-12V76c0-6.6-5.4-12-12-12H96c-53 0-96 43-96 96v192c0 53 43 96 96 96h84c6.6 0 12-5.4 12-12z"
                fill="currentColor"
                style={Object {}}
              />
            </svg>
          </i>
        </button>
      </ul>
    </div>
  </div>
</nav>
`;
